// Jest Snapshot v1, https://goo.gl/fbAQLP

exports[`Accordion Component closes the first tab and opens any clicked tab 1`] = `
<ul>
  <li
    key="0"
  >
    <button
      onClick={[Function]}
    >
      Section 1
    </button>
  </li>
  <li
    key="1"
  >
    <button
      onClick={[Function]}
    >
      Section 2
    </button>
  </li>
  <li
    key="2"
  >
    <button
      onClick={[Function]}
    >
      Section 3
    </button>
    <p>
      Animi amet cumque sint cupiditate officia ab voluptatibus libero optio et?
    </p>
  </li>
</ul>
`;

exports[`Accordion Component closes the first tab and opens any clicked tab 2`] = `
<ul>
  <li
    key="0"
  >
    <button
      onClick={[Function]}
    >
      Section 1
    </button>
  </li>
  <li
    key="1"
  >
    <button
      onClick={[Function]}
    >
      Section 2
    </button>
  </li>
  <li
    key="2"
  >
    <button
      onClick={[Function]}
    >
      Section 3
    </button>
    <p>
      Animi amet cumque sint cupiditate officia ab voluptatibus libero optio et?
    </p>
  </li>
</ul>
`;

exports[`Accordion Component renders empty given no accordions 1`] = `<ul />`;
